✔ [3019/3061] Built AlternatingAnalytic.Algebra.InfiniteRamsey (54s)
✔ [3020/3062] Built AlternatingAnalytic.Algebra.ClusterWeights (54s)
✔ [3021/3069] Built AlternatingAnalytic.Algebra.MultiplierObstruction (54s)
✔ [3024/3073] Built AlternatingAnalytic.Analysis.DenseCoefficientExtension (55s)
✔ [3027/3073] Built AlternatingAnalytic.Analysis.EquivalentUltrametric (55s)
✔ [3029/3077] Built AlternatingAnalytic.Analysis.GeometricWeightBound (56s)
✔ [3031/3077] Built AlternatingAnalytic.Analysis.DiscreteSupNorm (56s)
✔ [3032/3077] Built AlternatingAnalytic.Algebra.TensorSupport (56s)
✔ [3033/3077] Built AlternatingAnalytic.Algebra.StaircaseRank (56s)
✔ [3034/3077] Built AlternatingAnalytic.Analysis.SphericalCompleteness (57s)
✔ [3035/3077] Built AlternatingAnalytic.Algebra.ExteriorSupportDimension (57s)
✔ [3036/3077] Built AlternatingAnalytic.Analysis.LiftCriterion (80s)
✔ [3037/3077] Built AlternatingAnalytic.Algebra.OrderPattern (30s)
✔ [3038/3077] Built AlternatingAnalytic.Analysis.UnitSumGrowth (29s)
✔ [3039/3077] Built AlternatingAnalytic.Analysis.DenseIsometricExtension (29s)
✔ [3040/3077] Built AlternatingAnalytic.Algebra.SymmetricDiagonal (30s)
✔ [3041/3077] Built AlternatingAnalytic.Analysis.ScalarProjection (28s)
✔ [3042/3077] Built AlternatingAnalytic.Analysis.PositiveCharacteristic (29s)
✔ [3043/3077] Built AlternatingAnalytic.Algebra.DeterminantArray (28s)
✔ [3044/3077] Built AlternatingAnalytic.Analysis.ProjectiveBaseChange (29s)
✔ [3045/3077] Built AlternatingAnalytic.Analysis.DenseScalarRestriction (32s)
✔ [3046/3077] Built AlternatingAnalytic.Algebra.Polarization (23s)
✔ [3047/3077] Built AlternatingAnalytic.Analysis.FiniteFieldNorm (23s)
✔ [3048/3077] Built AlternatingAnalytic.Algebra.ExteriorFlattening (23s)
✔ [3049/3077] Built AlternatingAnalytic.Algebra.ClusterValues (23s)
✔ [3050/3077] Built AlternatingAnalytic.Analysis.CompletedBaseChange (24s)
✔ [3051/3077] Built AlternatingAnalytic.Analysis.ProjectiveExterior (32s)
✔ [3052/3077] Built AlternatingAnalytic.Analysis.DenseScalarLiftTransport (30s)
✔ [3053/3077] Built AlternatingAnalytic.Analysis.LaurentNorm (75s)
✔ [3054/3077] Built AlternatingAnalytic.Algebra.ExteriorBlocks (35s)
✔ [3055/3077] Built AlternatingAnalytic.Algebra.ClusterCancellation (35s)
✔ [3056/3077] Built AlternatingAnalytic.Algebra.ClusterDiagonal (35s)
✔ [3057/3077] Built AlternatingAnalytic.Analysis.PolynomialEvaluationNorm (35s)
✔ [3058/3077] Built AlternatingAnalytic.Analysis.BaseChangeOperators (32s)
✔ [3059/3077] Built AlternatingAnalytic.Analysis.BaseChangeAlternatingCriterion (32s)
✔ [3060/3077] Built AlternatingAnalytic.Algebra.ClusterStaircase (69s)
✔ [3061/3077] Built AlternatingAnalytic.Analysis.BaseChangeAlternatingForms (76s)
✔ [3062/3077] Built AlternatingAnalytic.Analysis.LaurentField (124s)
✔ [3063/3077] Built AlternatingAnalytic.Algebra.FiniteFieldObstruction (76s)
✔ [3064/3077] Built AlternatingAnalytic.Analysis.BaseChangeLiftDescent (104s)
✔ [3065/3077] Built AlternatingAnalytic.Analysis.LaurentCoefficients (119s)
✔ [3066/3077] Built AlternatingAnalytic.Analysis.LaurentEvaluation (119s)
✔ [3067/3077] Built AlternatingAnalytic.Analysis.LaurentTruncation (121s)
✔ [3068/3077] Built AlternatingAnalytic.Analysis.LaurentMultilinearStability (121s)
✔ [3069/3077] Built AlternatingAnalytic.Analysis.LaurentMultipliers (121s)
✔ [3070/3077] Built AlternatingAnalytic.Analysis.LaurentSubfield (121s)
✔ [3071/3077] Built AlternatingAnalytic.Analysis.ExteriorCoefficientGrowth (140s)
✔ [3072/3077] Built AlternatingAnalytic.Analysis.PrescribedLaurentBase (87s)
✔ [3073/3077] Built AlternatingAnalytic.Analysis.LaurentWedgeCoefficient (87s)
✔ [3074/3077] Built AlternatingAnalytic.Analysis.LaurentAlgebraicCoefficient (119s)
✔ [3075/3077] Built AlternatingAnalytic.Analysis.LaurentCompletedCoefficient (64s)
✔ [3076/3077] Built AlternatingAnalytic.Analysis.LaurentResidueLift (68s)
✔ [3077/3077] Built AlternatingAnalytic.Main (145s)
Build completed successfully (3077 jobs).
