'AlternatingAnalytic.sum_weighted_double_eq_zero' depends on axioms: [propext, Quot.sound, Classical.choice]
'AlternatingAnalytic.cluster_family_cancellation' depends on axioms: [propext, Quot.sound, Classical.choice]
'AlternatingAnalytic.assignedClusterCoefficient_update_eq' depends on axioms: [propext, Quot.sound, Classical.choice]
'AlternatingAnalytic.assignmentPosition_update_pattern' depends on axioms: [propext, Quot.sound, Classical.choice]
'AlternatingAnalytic.cluster_separated_of_intervals' depends on axioms: [propext, Classical.choice, Quot.sound]
'AlternatingAnalytic.assignedClusterValue_expansion' depends on axioms: [propext, Quot.sound, Classical.choice]
'AlternatingAnalytic.separated_blocks_order_pattern' depends on axioms: [propext, Classical.choice, Quot.sound]
'AlternatingAnalytic.cluster_family_cancellation_of_intervals' depends on axioms: [propext,
 Quot.sound,
 Classical.choice]
'AlternatingAnalytic.sum_weighted_split_at' depends on axioms: [propext, Quot.sound, Classical.choice]
'AlternatingAnalytic.assignedClusterValue_eq_zero_of_vector_free' depends on axioms: [propext,
 Quot.sound,
 Classical.choice]
'AlternatingAnalytic.assignedClusterValue' depends on axioms: [propext, Quot.sound, Classical.choice]
'AlternatingAnalytic.assignmentPosition' depends on axioms: [propext]
'AlternatingAnalytic.cluster_family_cancellation_of_order' depends on axioms: [propext, Quot.sound, Classical.choice]
'AlternatingAnalytic.assignedClusterValue_eq_zero_of_operator_free' depends on axioms: [propext,
 Quot.sound,
 Classical.choice]
'AlternatingAnalytic.assignmentTag' depends on axioms: [propext]
'AlternatingAnalytic.assignedClusterCoefficient' depends on axioms: [propext, Quot.sound, Classical.choice]
'AlternatingAnalytic.sum_cluster_pair_of_pattern' depends on axioms: [propext, Quot.sound, Classical.choice]
AUTOFORM_PROBE_OK decls=17
