'AlternatingAnalytic.exists_denseMultilinearFamilyExtension_of_bound' depends on axioms: [propext,
 Quot.sound,
 Classical.choice]
'AlternatingAnalytic.norm_multilinearFamilyToProduct_le' depends on axioms: [propext, Quot.sound, Classical.choice]
'AlternatingAnalytic.denseMultilinearExtensionFinite_apply' depends on axioms: [propext, Quot.sound, Classical.choice]
'AlternatingAnalytic.denseMultilinearFamilyExtension_apply' depends on axioms: [propext, Quot.sound, Classical.choice]
'AlternatingAnalytic.multilinearProductToFamily_apply' depends on axioms: [propext, Quot.sound, Classical.choice]
'AlternatingAnalytic.norm_denseMultilinearExtensionFinite_le' depends on axioms: [propext, Quot.sound, Classical.choice]
'AlternatingAnalytic.denseFamilyProductIsometry_apply' depends on axioms: [propext, Quot.sound, Classical.choice]
'AlternatingAnalytic.denseMultilinearFamilyExtensionIsometry' depends on axioms: [propext, Quot.sound, Classical.choice]
'AlternatingAnalytic.norm_denseMultilinearFamilyExtension' depends on axioms: [propext, Quot.sound, Classical.choice]
'AlternatingAnalytic.multilinearFamilyToProduct' depends on axioms: [propext, Quot.sound, Classical.choice]
'AlternatingAnalytic.multilinearProductToFamily' depends on axioms: [propext, Quot.sound, Classical.choice]
'AlternatingAnalytic.multilinearFamilyToProduct_apply' depends on axioms: [propext, Quot.sound, Classical.choice]
'AlternatingAnalytic.denseMultilinearExtensionFinite' depends on axioms: [propext, Quot.sound, Classical.choice]
'AlternatingAnalytic.denseFamilyProductIsometry' depends on axioms: [propext, Quot.sound, Classical.choice]
'AlternatingAnalytic.denseRange_denseFamilyProductIsometry' depends on axioms: [propext, Quot.sound, Classical.choice]
'AlternatingAnalytic.continuousMultilinearMap_eq_of_dense_family' depends on axioms: [propext,
 Quot.sound,
 Classical.choice]
'AlternatingAnalytic.denseMultilinearFamilyExtension' depends on axioms: [propext, Quot.sound, Classical.choice]
'AlternatingAnalytic.norm_multilinearProductToFamily_le' depends on axioms: [propext, Quot.sound, Classical.choice]
'AlternatingAnalytic.norm_denseMultilinearFamilyExtension_le' depends on axioms: [propext, Quot.sound, Classical.choice]
'AlternatingAnalytic.denseMultilinearFamilyExtension_unique' depends on axioms: [propext, Quot.sound, Classical.choice]
AUTOFORM_PROBE_OK decls=20
