'AlternatingAnalytic.denseScalarMultilinearEquiv_apply' depends on axioms: [propext, Quot.sound, Classical.choice]
'AlternatingAnalytic.completionScalarLinearEquiv' depends on axioms: [propext, Quot.sound, Classical.choice]
'AlternatingAnalytic.restrict_denseScalarLinearExtension' depends on axioms: [propext, Quot.sound, Classical.choice]
'AlternatingAnalytic.denseScalarMultilinearEquiv_symm_apply' depends on axioms: [propext, Quot.sound, Classical.choice]
'AlternatingAnalytic.denseScalarAlternatingEquiv' depends on axioms: [propext, Quot.sound, Classical.choice]
'AlternatingAnalytic.denseScalarMultilinearExtension_apply' depends on axioms: [propext, Quot.sound, Classical.choice]
'AlternatingAnalytic.restrict_denseScalarAlternatingExtension' depends on axioms: [propext,
 Quot.sound,
 Classical.choice]
'AlternatingAnalytic.norm_denseScalarAlternatingExtension' depends on axioms: [propext, Quot.sound, Classical.choice]
'AlternatingAnalytic.denseScalarLinearEquiv_apply' depends on axioms: [propext, Quot.sound, Classical.choice]
'AlternatingAnalytic.norm_denseScalarLinearExtension' depends on axioms: [propext, Quot.sound, Classical.choice]
'AlternatingAnalytic.completionScalarAlternatingEquiv' depends on axioms: [propext, Quot.sound, Classical.choice]
'AlternatingAnalytic.denseScalarLinearEquiv' depends on axioms: [propext, Quot.sound, Classical.choice]
'AlternatingAnalytic.denseScalarLinearEquiv_symm_apply' depends on axioms: [propext, Quot.sound, Classical.choice]
'AlternatingAnalytic.denseRange_algebraMap_completion' depends on axioms: [propext, Quot.sound, Classical.choice]
'AlternatingAnalytic.restrict_denseScalarMultilinearExtension' depends on axioms: [propext,
 Quot.sound,
 Classical.choice]
'AlternatingAnalytic.denseScalarAlternatingEquiv_symm_apply' depends on axioms: [propext, Quot.sound, Classical.choice]
'AlternatingAnalytic.completionNontriviallyNormedField' depends on axioms: [propext, Quot.sound, Classical.choice]
'AlternatingAnalytic.map_smul_of_dense_algebraMap' depends on axioms: [propext, Quot.sound, Classical.choice]
'AlternatingAnalytic.denseScalarAlternatingExtension_apply' depends on axioms: [propext, Quot.sound, Classical.choice]
'AlternatingAnalytic.denseScalarLinearExtension' depends on axioms: [propext, Quot.sound, Classical.choice]
'AlternatingAnalytic.norm_denseScalarMultilinearExtension' depends on axioms: [propext, Quot.sound, Classical.choice]
'AlternatingAnalytic.completionScalarMultilinearEquiv' depends on axioms: [propext, Quot.sound, Classical.choice]
'AlternatingAnalytic.denseScalarAlternatingExtension' depends on axioms: [propext, Quot.sound, Classical.choice]
'AlternatingAnalytic.denseScalarLinearExtension_apply' depends on axioms: [propext, Quot.sound, Classical.choice]
'AlternatingAnalytic.denseScalarMultilinearEquiv' depends on axioms: [propext, Quot.sound, Classical.choice]
'AlternatingAnalytic.denseScalarMultilinearExtension' depends on axioms: [propext, Quot.sound, Classical.choice]
'AlternatingAnalytic.isometry_algebraMap_completion' depends on axioms: [propext, Quot.sound, Classical.choice]
'AlternatingAnalytic.denseScalarAlternatingEquiv_apply' depends on axioms: [propext, Quot.sound, Classical.choice]
AUTOFORM_PROBE_OK decls=28
