'AlternatingAnalytic.denseScalarLiftTransport_apply' depends on axioms: [propext, Quot.sound, Classical.choice]
'AlternatingAnalytic.continuousLinearMapCongrIsometry_apply' depends on axioms: [propext, Quot.sound, Classical.choice]
'ContinuousLinearMap.restrictScalars.congr_simp' does not depend on any axioms
'AlternatingAnalytic.liftSpaceNorm' depends on axioms: [propext, Quot.sound, Classical.choice]
'AlternatingAnalytic.denseScalarQTargetEquiv_Q' depends on axioms: [propext, Quot.sound, Classical.choice]
'AlternatingAnalytic.not_analyticAt_of_completion' depends on axioms: [propext, Quot.sound, Classical.choice]
'AlternatingAnalytic.denseScalarLiftTransport' depends on axioms: [propext, Quot.sound, Classical.choice]
'AlternatingAnalytic.norm_denseScalarMultilinear_congr' depends on axioms: [propext, Quot.sound, Classical.choice]
'AlternatingAnalytic.hasBoundedLift_fin_of_denseScalars' depends on axioms: [propext, Quot.sound, Classical.choice]
'AlternatingAnalytic.continuousLinearMapCongrIsometry' depends on axioms: [propext, Quot.sound, Classical.choice]
'AlternatingAnalytic.norm_denseScalarLiftTransport' depends on axioms: [propext, Quot.sound, Classical.choice]
'AlternatingAnalytic.norm_completionScalarLiftTransport' depends on axioms: [propext, Quot.sound, Classical.choice]
'AlternatingAnalytic.denseScalarQTargetEquiv_apply' depends on axioms: [propext, Quot.sound, Classical.choice]
'AlternatingAnalytic.hasBoundedLift_of_denseScalars' depends on axioms: [propext, Quot.sound, Classical.choice]
'AlternatingAnalytic.not_analyticAt_of_completion_noLift' depends on axioms: [propext, Quot.sound, Classical.choice]
'AlternatingAnalytic.not_hasBoundedLift_of_denseScalars' depends on axioms: [propext, Quot.sound, Classical.choice]
'AlternatingAnalytic.denseScalarLiftTransport_diagonal' depends on axioms: [propext, Quot.sound, Classical.choice]
'AlternatingAnalytic.hasBoundedLift_completion_of_base' depends on axioms: [propext, Quot.sound, Classical.choice]
'AlternatingAnalytic.not_analyticAt_of_denseScalars' depends on axioms: [propext, Quot.sound, Classical.choice]
'AlternatingAnalytic.completionScalarLiftTransport_diagonal' depends on axioms: [propext, Quot.sound, Classical.choice]
'AlternatingAnalytic.not_analyticAt_of_denseScalars_noLift' depends on axioms: [propext, Quot.sound, Classical.choice]
'AlternatingAnalytic.completionScalarLiftTransport' depends on axioms: [propext, Quot.sound, Classical.choice]
'AlternatingAnalytic.denseScalarQTargetEquiv' depends on axioms: [propext, Quot.sound, Classical.choice]
AUTOFORM_PROBE_OK decls=23
