'Round24Transfer.jAmb_apply_apply' depends on axioms: [propext, Quot.sound, Classical.choice]
'R24.no_symmetric_diagonal_lift' depends on axioms: [Quot.sound, propext, Classical.choice]
'AlternatingAnalytic.HasEquivalentUltrametricNorm' depends on axioms: [propext, Quot.sound, Classical.choice]
'Round24Transfer.Q' depends on axioms: [propext, Quot.sound, Classical.choice]
'Round24Transfer.Rmap_apply' depends on axioms: [propext, Quot.sound, Classical.choice]
'OrderPattern.sameOrderPattern' does not depend on any axioms
'Round24Transfer.ambLift' depends on axioms: [propext, Quot.sound, Classical.choice]
'Round24Transfer.reindexCLM_apply' depends on axioms: [propext, Quot.sound, Classical.choice]
'Round24Transfer.Smap_apply' depends on axioms: [propext, Quot.sound, Classical.choice]
'Round24Transfer.not_analyticAt_of_not_analyticAt' depends on axioms: [propext, Quot.sound, Classical.choice]
'R24.expand' depends on axioms: [Quot.sound, propext, Classical.choice]
'ContinuousMultilinearMap.alternatizationCLM_apply' depends on axioms: [propext, Quot.sound, Classical.choice]
'Round24Transfer.hasBoundedLift_of_equiv' depends on axioms: [propext, Quot.sound, Classical.choice]
'Round24Transfer.polySeries' depends on axioms: [propext, Quot.sound, Classical.choice]
'ContinuousAlternatingMap.altProj' depends on axioms: [propext, Quot.sound, Classical.choice]
'ContinuousAlternatingMap.altProj_toContinuousMultilinearMap' depends on axioms: [propext, Quot.sound, Classical.choice]
'Round24Transfer.φ_apply' depends on axioms: [propext, Quot.sound, Classical.choice]
'Round24Transfer.lineCoeff' depends on axioms: [propext, Quot.sound, Classical.choice]
'Round24Transfer.Rmap_Smap' depends on axioms: [propext, Quot.sound, Classical.choice]
'Round24Transfer.Γ_Q_succ' depends on axioms: [propext, Quot.sound, Classical.choice]
'Round24Transfer.hasBoundedLift_iff_exists_ι' depends on axioms: [propext, Quot.sound, Classical.choice]
'ContinuousMultilinearMap.alternatizationCLM_toContinuousMultilinearMap' depends on axioms: [propext,
 Quot.sound,
 Classical.choice]
'ContinuousMultilinearMap.alternatization_toContinuousMultilinearMap' depends on axioms: [propext,
 Quot.sound,
 Classical.choice]
'AlternatingAnalytic.not_hasEquivalentUltrametricNorm_of_unbounded_partial_sums' depends on axioms: [propext,
 Quot.sound,
 Classical.choice]
'Round24Transfer.coeff_eq_of_hasFPowerSeriesAt' depends on axioms: [propext, Quot.sound, Classical.choice]
'Round24Transfer.jj_apply' depends on axioms: [propext, Quot.sound, Classical.choice]
'Round24Transfer.hasFPowerSeriesAt_shift' depends on axioms: [propext, Quot.sound, Classical.choice]
'Round24Transfer.Γ' depends on axioms: [propext, Quot.sound, Classical.choice]
'Round24Transfer.hasBoundedLift_of_card_eq_succ' depends on axioms: [propext, Quot.sound, Classical.choice]
'Round24Transfer.hasBoundedLift_equiv_iff' depends on axioms: [propext, Quot.sound, Classical.choice]
'AlternatingAnalytic.HasEquivalentUltrametricNorm.bounded_unit_sums' depends on axioms: [propext,
 Quot.sound,
 Classical.choice]
'Round24Transfer.hasBoundedLift_reindex_iff' depends on axioms: [propext, Quot.sound, Classical.choice]
'R24.perm_invariant_of_adjacent' depends on axioms: [Quot.sound, Classical.choice, propext]
'Round24Transfer.Γ_apply' depends on axioms: [propext, Quot.sound, Classical.choice]
'ContinuousAlternatingMap.compAlternatizationCLM' depends on axioms: [propext, Quot.sound, Classical.choice]
'ContinuousAlternatingMap.compAlternatizationCLM_apply' depends on axioms: [propext, Quot.sound, Classical.choice]
'ContinuousMultilinearMap.alternatizationCLM' depends on axioms: [propext, Quot.sound, Classical.choice]
'ContinuousAlternatingMap.cpolynomialOn_compContinuousLinearMapCLM' depends on axioms: [propext,
 Quot.sound,
 Classical.choice]
'Round24Transfer.jAmb' depends on axioms: [propext, Quot.sound, Classical.choice]
'Round24Transfer.hasBoundedLift_of_analyticAt' depends on axioms: [propext, Quot.sound, Classical.choice]
'R24.coeffOf' depends on axioms: [Quot.sound]
'Round24Transfer.not_analyticAt_prod_of_not_analyticAt' depends on axioms: [propext, Quot.sound, Classical.choice]
'Round24Transfer.coeff_eq_of_ambient' depends on axioms: [propext, Quot.sound, Classical.choice]
'R24.coeffOf_perm' depends on axioms: [Quot.sound, propext]
'R24.sum_superset_neg_one_pow' depends on axioms: [propext, Quot.sound, Classical.choice]
'AlternatingAnalytic.not_hasEquivalentUltrametricNorm_of_linear_growth' depends on axioms: [propext,
 Quot.sound,
 Classical.choice]
'R24.factorial_mul_coeff_eq_one' depends on axioms: [Quot.sound, propext, Classical.choice]
'ContinuousAlternatingMap.contDiff_compContinuousLinearMapCLM_of_factorial_ne_zero' depends on axioms: [propext,
 Quot.sound,
 Classical.choice]
'OrderPattern.exists_infinite_order_homogeneous' depends on axioms: [propext, Quot.sound, Classical.choice]
'Round24Transfer.hasBoundedLift_of_prod_same_degree' depends on axioms: [propext, Quot.sound, Classical.choice]
'Round24Transfer.Rmap' depends on axioms: [propext, Quot.sound, Classical.choice]
'Round24Transfer.hasBoundedLift_of_retract' depends on axioms: [propext, Quot.sound, Classical.choice]
'Round24Transfer.not_analyticAt_of_equiv_index' depends on axioms: [propext, Quot.sound, Classical.choice]
'Round24Transfer.not_hasBoundedLift_of_le' depends on axioms: [propext, Quot.sound, Classical.choice]
'ContinuousAlternatingMap.analyticOnNhd_compContinuousLinearMapCLM' depends on axioms: [propext,
 Quot.sound,
 Classical.choice]
'Round24Transfer.HasBoundedLift' depends on axioms: [propext, Quot.sound, Classical.choice]
'OrderPattern.orderIsoOfFin_symm_val' depends on axioms: [propext, Quot.sound, Classical.choice]
'Round24Transfer.reindexAlt_apply' depends on axioms: [propext, Quot.sound, Classical.choice]
'Round24Transfer.reindexCLM' depends on axioms: [propext, Quot.sound, Classical.choice]
'Round24Transfer.hasBoundedLift_reindex' depends on axioms: [propext, Quot.sound, Classical.choice]
'R24.single_comp_perm' depends on axioms: [Quot.sound, propext]
'R24.no_adjacent_symmetric_diagonal_lift' depends on axioms: [Quot.sound, propext, Classical.choice]
'Round24Transfer.tfae_Q' depends on axioms: [propext, Quot.sound, Classical.choice]
'ContinuousAlternatingMap.contDiff_compContinuousLinearMapCLM_of_invertible' depends on axioms: [propext,
 Quot.sound,
 Classical.choice]
'Round24Transfer.map_diag_add_smul' depends on axioms: [propext, Quot.sound, Classical.choice]
'OrderPattern.tupleValues' depends on axioms: [propext, Quot.sound, Classical.choice]
'Round24Transfer.reindexAlt' depends on axioms: [propext, Quot.sound, Classical.choice]
'Round24Transfer.lineCoeff_card' depends on axioms: [propext, Quot.sound, Classical.choice]
'Round24Transfer.lineCoeff.congr_simp' depends on axioms: [propext, Quot.sound, Classical.choice]
'ContinuousAlternatingMap.cpolynomialAt_compContinuousLinearMapCLM' depends on axioms: [propext,
 Quot.sound,
 Classical.choice]
'Round24Transfer.φ' depends on axioms: [propext, Quot.sound, Classical.choice]
'Round24Transfer.ambLift_diag' depends on axioms: [propext, Quot.sound, Classical.choice]
'ContinuousAlternatingMap.contDiff_compContinuousLinearMapCLM_of_card_lt_charP' depends on axioms: [propext,
 Quot.sound,
 Classical.choice]
'Round24Transfer.polySeries_eq_zero_of_gt' depends on axioms: [propext, Quot.sound, Classical.choice]
'Round24Transfer.hasBoundedLift_of_eq_comp' depends on axioms: [propext, Quot.sound, Classical.choice]
'ContinuousAlternatingMap.cpolynomialAt_nsmul_compContinuousLinearMapCLM' depends on axioms: [propext,
 Quot.sound,
 Classical.choice]
'ContinuousMultilinearMap.norm_alternatization_le' depends on axioms: [propext, Quot.sound, Classical.choice]
'Round24Transfer.Smap' depends on axioms: [propext, Quot.sound, Classical.choice]
'ContinuousAlternatingMap.contDiff_compContinuousLinearMapCLM_of_charP' depends on axioms: [propext,
 Quot.sound,
 Classical.choice]
'OrderPattern.exists_padded_finset' depends on axioms: [propext, Quot.sound, Classical.choice]
'Round24Transfer.contDiff_omega_iff_hasBoundedLift' depends on axioms: [propext, Quot.sound, Classical.choice]
'OrderPattern.card_values_below_eq' depends on axioms: [propext, Quot.sound, Classical.choice]
'Round24Transfer.hasFPowerSeriesAt_polySeries' depends on axioms: [propext, Quot.sound, Classical.choice]
'Round24Transfer.cpolynomialAt_of_lift' depends on axioms: [propext, Quot.sound, Classical.choice]
'Round24Transfer.jAmb_injective' depends on axioms: [propext, Quot.sound, Classical.choice]
'Round24Transfer.jj' depends on axioms: [propext, Quot.sound, Classical.choice]
'Round24Transfer.not_analyticAt_of_le' depends on axioms: [propext, Quot.sound, Classical.choice]
'ContinuousMultilinearMap.norm_alternatizationCLM_le' depends on axioms: [propext, Quot.sound, Classical.choice]
'Round24Transfer.coeff_card_eq_Q' depends on axioms: [propext, Quot.sound, Classical.choice]
'Round24Transfer.cpolynomialAt_of_analyticAt' depends on axioms: [propext, Quot.sound, Classical.choice]
'Round24Transfer.polySeries_apply' depends on axioms: [propext, Quot.sound, Classical.choice]
'OrderPattern.mem_tupleValues' depends on axioms: [propext, Quot.sound, Classical.choice]
'Round24Transfer.hasBoundedLift_of_hasBoundedLift_succ' depends on axioms: [propext, Quot.sound, Classical.choice]
AUTOFORM_PROBE_OK decls=93
