'AlternatingAnalytic.laurentResidueLift' depends on axioms: [propext, Quot.sound, Classical.choice]
'AlternatingAnalytic.laurent_not_hasBoundedLift' depends on axioms: [propext, Quot.sound, Classical.choice]
'AlternatingAnalytic.laurentResidueLift_support_le' depends on axioms: [propext, Quot.sound, Classical.choice]
'AlternatingAnalytic.laurentResiduePost' depends on axioms: [propext, Quot.sound, Classical.choice]
'AlternatingAnalytic.BoundedPrecompositionLiftCandidate' depends on axioms: [propext, Quot.sound, Classical.choice]
'AlternatingAnalytic.norm_laurentLift_constant_le' depends on axioms: [propext, Quot.sound, Classical.choice]
'AlternatingAnalytic.laurent_not_analyticAt' depends on axioms: [propext, Quot.sound, Classical.choice]
'AlternatingAnalytic.laurentLiftSeminormedAddCommGroup' depends on axioms: [propext, Quot.sound, Classical.choice]
'AlternatingAnalytic.laurentResidueLift_diagonal' depends on axioms: [propext, Quot.sound, Classical.choice]
'AlternatingAnalytic.LaurentLiftCandidate' depends on axioms: [propext, Quot.sound, Classical.choice]
'AlternatingAnalytic.completedLaurentCoefficient.congr_simp' depends on axioms: [propext, Quot.sound, Classical.choice]
'AlternatingAnalytic.laurentResidueLift_properties' depends on axioms: [propext, Quot.sound, Classical.choice]
'AlternatingAnalytic.laurent_not_hasBoundedLift_of_factorial' depends on axioms: [propext, Quot.sound, Classical.choice]
'AlternatingAnalytic.laurentLiftAlternating' depends on axioms: [propext, Quot.sound, Classical.choice]
'AlternatingAnalytic.laurentLiftNorm' depends on axioms: [propext, Quot.sound, Classical.choice]
'AlternatingAnalytic.laurentResidueLift_alternating' depends on axioms: [propext, Quot.sound, Classical.choice]
'AlternatingAnalytic.laurentResidueFixedVectors' depends on axioms: [propext, Quot.sound, Classical.choice]
'AlternatingAnalytic.laurentResidueLift_pol1' depends on axioms: [propext, Quot.sound, Classical.choice]
'AlternatingAnalytic.laurentResidueLift_apply' depends on axioms: [propext, Quot.sound, Classical.choice]
'AlternatingAnalytic.laurentResidueLift_antisymmetric' depends on axioms: [propext, Quot.sound, Classical.choice]
'AlternatingAnalytic.evaluateBoundedPrecompositionLift' depends on axioms: [propext, Quot.sound, Classical.choice]
AUTOFORM_PROBE_OK decls=21
