'AlternatingAnalytic.algebraicLaurentCoefficient_constant_wedge' depends on axioms: [propext,
 Quot.sound,
 Classical.choice]
'AlternatingAnalytic.algebraicLaurentCoefficient.congr_simp' depends on axioms: [propext, Quot.sound, Classical.choice]
'AlternatingAnalytic.algebraicLaurentCoefficientArray.congr_simp' depends on axioms: [propext,
 Quot.sound,
 Classical.choice]
'AlternatingAnalytic.laurentProjectiveExteriorModule' depends on axioms: [propext, Quot.sound, Classical.choice]
'AlternatingAnalytic.algebraicLaurentCoefficient_wedgeSum_support_le' depends on axioms: [propext,
 Quot.sound,
 Classical.choice]
'AlternatingAnalytic.exists_algebraicLaurentCoefficient' depends on axioms: [propext, Quot.sound, Classical.choice]
'AlternatingAnalytic.laurentProjectiveExteriorScalarTower' depends on axioms: [propext, Quot.sound, Classical.choice]
'AlternatingAnalytic.geometricWeightMaximum.congr_simp' depends on axioms: [propext, Quot.sound, Classical.choice]
'AlternatingAnalytic.algebraicLaurentCoefficient_array' depends on axioms: [propext, Quot.sound, Classical.choice]
'AlternatingAnalytic.exists_coefficient_of_wedgeSum' depends on axioms: [propext, Quot.sound, Classical.choice]
'AlternatingAnalytic.algebraicLaurentCoefficient_wedge_support_le' depends on axioms: [propext,
 Quot.sound,
 Classical.choice]
'AlternatingAnalytic.algebraicLaurentCoefficientArray_wedge' depends on axioms: [propext, Quot.sound, Classical.choice]
'AlternatingAnalytic.algebraicLaurentCoefficientArray' depends on axioms: [propext, Quot.sound, Classical.choice]
'AlternatingAnalytic.algebraicLaurentCoefficient_properties' depends on axioms: [propext, Quot.sound, Classical.choice]
'AlternatingAnalytic.exists_unweighted_exterior_decomposition' depends on axioms: [propext,
 Quot.sound,
 Classical.choice]
'AlternatingAnalytic.laurentCompletedExteriorScalarTower' depends on axioms: [propext, Quot.sound, Classical.choice]
'AlternatingAnalytic.algebraicLaurentCoefficient' depends on axioms: [propext, Quot.sound, Classical.choice]
'AlternatingAnalytic.algebraicLaurentCoefficient_unique' depends on axioms: [propext, Quot.sound, Classical.choice]
'AlternatingAnalytic.laurentCompletedExteriorModule' depends on axioms: [propext, Quot.sound, Classical.choice]
'AlternatingAnalytic.algebraicLaurentCoefficient_support_le' depends on axioms: [propext, Quot.sound, Classical.choice]
AUTOFORM_PROBE_OK decls=20
