'AlternatingAnalytic.constantLaurentArray.congr_simp' depends on axioms: [propext, Quot.sound, Classical.choice]
'AlternatingAnalytic.boundedLaurent_completeSpace' depends on axioms: [propext, Quot.sound, Classical.choice]
'AlternatingAnalytic.LaurentField.norm_algebraMap' depends on axioms: [propext, Quot.sound, Classical.choice]
'AlternatingAnalytic.LaurentField.instSphericallyCompleteSpace' depends on axioms: [propext,
 Quot.sound,
 Classical.choice]
'AlternatingAnalytic.boundedLaurentCoeff_zero_of_norm_lt_one' depends on axioms: [propext, Quot.sound, Classical.choice]
'AlternatingAnalytic.LaurentField.norm_of_ne_zero' depends on axioms: [propext, Quot.sound, Classical.choice]
'AlternatingAnalytic.LaurentField.instCharP' depends on axioms: [propext, Quot.sound, Classical.choice]
'AlternatingAnalytic.constantLaurentArray' depends on axioms: [propext, Quot.sound, Classical.choice]
'AlternatingAnalytic.LaurentField.instIsUltrametricDist' depends on axioms: [propext, Quot.sound, Classical.choice]
'AlternatingAnalytic.boundedLaurentCoeff_sub' depends on axioms: [propext, Quot.sound, Classical.choice]
'AlternatingAnalytic.boundedLaurent_isUltrametricDist' depends on axioms: [propext, Quot.sound, Classical.choice]
'AlternatingAnalytic.LaurentField.coeff_apply' depends on axioms: [propext, Quot.sound, Classical.choice]
'AlternatingAnalytic.norm_constantLaurentArray_le_one' depends on axioms: [propext, Quot.sound, Classical.choice]
'AlternatingAnalytic.boundedLaurentCoeff_smul_const' depends on axioms: [propext, Quot.sound, Classical.choice]
'AlternatingAnalytic.LaurentField.instCompleteSpace' depends on axioms: [propext, Quot.sound, Classical.choice]
'AlternatingAnalytic.boundedLaurentCoeff_add' depends on axioms: [propext, Quot.sound, Classical.choice]
'AlternatingAnalytic.norm_constantLaurentArray' depends on axioms: [propext, Quot.sound, Classical.choice]
'AlternatingAnalytic.LaurentField.coeff_zero_of_norm_lt_one' depends on axioms: [propext, Quot.sound, Classical.choice]
'AlternatingAnalytic.constantLaurentArray_injective' depends on axioms: [propext, Quot.sound, Classical.choice]
'AlternatingAnalytic.boundedLaurentCoeff_constantLaurentArray' depends on axioms: [propext,
 Quot.sound,
 Classical.choice]
'AlternatingAnalytic.LaurentField.instField' depends on axioms: [propext, Quot.sound, Classical.choice]
'AlternatingAnalytic.LaurentField.instNontriviallyNormedField' depends on axioms: [propext,
 Quot.sound,
 Classical.choice]
'AlternatingAnalytic.constantLaurentArray_apply' depends on axioms: [propext, Quot.sound, Classical.choice]
'AlternatingAnalytic.LaurentField.instAlgebra' depends on axioms: [propext, Quot.sound, Classical.choice]
'AlternatingAnalytic.exists_boundedLaurent_order' depends on axioms: [propext, Quot.sound, Classical.choice]
'AlternatingAnalytic.boundedLaurentCoeff_eq_of_norm_sub_lt_one' depends on axioms: [propext,
 Quot.sound,
 Classical.choice]
'AlternatingAnalytic.LaurentField' depends on axioms: [propext, Quot.sound, Classical.choice]
'AlternatingAnalytic.boundedLaurentCoeff' depends on axioms: [propext, Quot.sound, Classical.choice]
'AlternatingAnalytic.LaurentField.coeff' depends on axioms: [propext, Quot.sound, Classical.choice]
'AlternatingAnalytic.LaurentField.norm_algebraMap_le_one' depends on axioms: [propext, Quot.sound, Classical.choice]
AUTOFORM_PROBE_OK decls=30
