'PolarizationCounterexamples.exists_pw_not_pol' depends on axioms: [propext, Quot.sound, Classical.choice]
'PolarizationCounterexamples.standardWedge_ne_zero' depends on axioms: [propext, Quot.sound, Classical.choice]
'PolarizationCounterexamples.finiteCounterexample' depends on axioms: [propext, Quot.sound, Classical.choice]
'PolarizationCounterexamples.standardWedge' depends on axioms: [propext, Quot.sound, Classical.choice]
'PolarizationCounterexamples.ZeroMultiplierPol1' depends on axioms: [propext, Quot.sound, Classical.choice]
'PolarizationCounterexamples.coordinateProduct_sumOfType' depends on axioms: [propext, Quot.sound, Classical.choice]
'PolarizationCounterexamples.firstPattern' depends on axioms: [propext, Quot.sound]
'PolarizationCounterexamples.finiteScalarCounterexample_diagonal' depends on axioms: [propext,
 Quot.sound,
 Classical.choice]
'PolarizationCounterexamples.secondPattern_product' depends on axioms: [propext, Quot.sound, Classical.choice]
'PolarizationCounterexamples.factorialCounterexample' depends on axioms: [propext, Quot.sound, Classical.choice]
'PolarizationCounterexamples.ExteriorForm' depends on axioms: [propext, Quot.sound, Classical.choice]
'PolarizationCounterexamples.factorialCounterexample_pol1' depends on axioms: [propext, Quot.sound, Classical.choice]
'PolarizationCounterexamples.scalarExteriorLift_apply' depends on axioms: [propext, Quot.sound, Classical.choice]
'PolarizationCounterexamples.coordinateProduct' depends on axioms: [propext, Quot.sound, Classical.choice]
'PolarizationCounterexamples.secondPattern' depends on axioms: [propext, Quot.sound]
'PolarizationCounterexamples.factorialCounterexample_not_pw' depends on axioms: [propext, Quot.sound, Classical.choice]
'PolarizationCounterexamples.standardWedge_array' depends on axioms: [propext, Quot.sound, Classical.choice]
'PolarizationCounterexamples.zero_multiplier_wedge' depends on axioms: [propext, Quot.sound, Classical.choice]
'PolarizationCounterexamples.finiteCounterexample_pw' depends on axioms: [propext, Quot.sound, Classical.choice]
'PolarizationCounterexamples.selectionType_eq_sum' depends on axioms: [propext, Quot.sound, Classical.choice]
'PolarizationCounterexamples.scalarExteriorLift' depends on axioms: [propext, Quot.sound, Classical.choice]
'PolarizationCounterexamples.ExteriorLift' depends on axioms: [propext, Quot.sound, Classical.choice]
'PolarizationCounterexamples.exists_pol1_not_pw' depends on axioms: [propext, Quot.sound, Classical.choice]
'PolarizationCounterexamples.ZeroMultiplierPol' depends on axioms: [propext, Quot.sound, Classical.choice]
'PolarizationCounterexamples.finiteScalarCounterexample_grouped' depends on axioms: [propext,
 Quot.sound,
 Classical.choice]
'PolarizationCounterexamples.finiteCounterexample_not_pol' depends on axioms: [propext, Quot.sound, Classical.choice]
'PolarizationCounterexamples.secondPattern_type_zero' depends on axioms: [propext, Quot.sound, Classical.choice]
'PolarizationCounterexamples.factorialCounterexample_value' depends on axioms: [propext, Quot.sound, Classical.choice]
'PolarizationCounterexamples.coordinateProduct_basis' depends on axioms: [propext, Quot.sound, Classical.choice]
'PolarizationCounterexamples.finiteCounterexample_grouped' depends on axioms: [propext, Quot.sound, Classical.choice]
'PolarizationCounterexamples.pattern_types_ne' depends on axioms: [propext, Quot.sound, Classical.choice]
'PolarizationCounterexamples.coordinateProduct_apply' depends on axioms: [propext, Quot.sound, Classical.choice]
'PolarizationCounterexamples.scalarExteriorLift_sumOfType' depends on axioms: [propext, Quot.sound, Classical.choice]
'PolarizationCounterexamples.factorialCounterexample_apply' depends on axioms: [propext, Quot.sound, Classical.choice]
'PolarizationCounterexamples.scalarExteriorLift_alternating' depends on axioms: [propext, Quot.sound, Classical.choice]
'PolarizationCounterexamples.firstPattern_product' depends on axioms: [propext, Quot.sound, Classical.choice]
'PolarizationCounterexamples.ZeroMultiplierPw' depends on axioms: [propext, Quot.sound, Classical.choice]
'PolarizationCounterexamples.firstPattern_type_zero' depends on axioms: [propext, Quot.sound, Classical.choice]
'PolarizationCounterexamples.coordinateBasis' depends on axioms: [propext, Quot.sound, Classical.choice]
'PolarizationCounterexamples.finiteScalarCounterexample' depends on axioms: [propext, Quot.sound, Classical.choice]
AUTOFORM_PROBE_OK decls=40
