'AlternatingAnalytic.baseChangeFactors_prod_norm' depends on axioms: [propext, Quot.sound, Classical.choice]
'AlternatingAnalytic.baseChangeLiftTerms' depends on axioms: [propext, Quot.sound, Classical.choice]
'AlternatingAnalytic.baseChangeSeminormL' depends on axioms: [propext, Quot.sound, Classical.choice]
'AlternatingAnalytic.baseChangeNormedAddCommGroup' depends on axioms: [propext, Quot.sound, Classical.choice]
'AlternatingAnalytic.baseChangeLiftTerms_cost' depends on axioms: [propext, Quot.sound, Classical.choice]
'AlternatingAnalytic.baseChangeSeminorm_eq_iInf' depends on axioms: [propext, Quot.sound, Classical.choice]
'AlternatingAnalytic.baseChangeTensorEquiv_tmul' depends on axioms: [propext, Quot.sound, Classical.choice]
'AlternatingAnalytic.baseChangeFactorsNormedSpace' depends on axioms: [propext, Quot.sound, Classical.choice]
'AlternatingAnalytic.baseChangeTensorEquiv_symm_tprod' depends on axioms: [propext, Quot.sound, Classical.choice]
'AlternatingAnalytic.norm_le_baseChangeSeminorm' depends on axioms: [propext, Quot.sound, Classical.choice]
'AlternatingAnalytic.baseChangeScalarMap_apply' depends on axioms: [propext, Quot.sound, Classical.choice]
'AlternatingAnalytic.baseChange_smul_tmul' depends on axioms: [propext, Quot.sound, Classical.choice]
'AlternatingAnalytic.baseChangeSeminorm' depends on axioms: [propext, Quot.sound, Classical.choice]
'AlternatingAnalytic.baseChangeDecompositionNonempty' depends on axioms: [propext, Quot.sound, Classical.choice]
'AlternatingAnalytic.baseChangeTensorEquiv' depends on axioms: [propext, Quot.sound, Classical.choice]
'AlternatingAnalytic.baseChangeModule' depends on axioms: [propext, Quot.sound, Classical.choice]
'AlternatingAnalytic.exists_scalarContraction_ne_zero' depends on axioms: [propext, Quot.sound, Classical.choice]
'AlternatingAnalytic.baseChangeSeminorm_tmul_le' depends on axioms: [propext, Quot.sound, Classical.choice]
'AlternatingAnalytic.exists_continuous_extension_of_finiteDimensional' depends on axioms: [propext,
 Quot.sound,
 Classical.choice]
'AlternatingAnalytic.baseChangeFactors' does not depend on any axioms
'AlternatingAnalytic.baseChangeNormedSpace' depends on axioms: [propext, Quot.sound, Classical.choice]
'AlternatingAnalytic.baseChangeSeminorm_smul' depends on axioms: [propext, Quot.sound, Classical.choice]
'AlternatingAnalytic.baseChangeSeminorm_apply' depends on axioms: [propext, Quot.sound, Classical.choice]
'AlternatingAnalytic.scalarContraction_tmul' depends on axioms: [propext, Quot.sound]
'AlternatingAnalytic.baseChangeNormedSpaceRestrictScalars' depends on axioms: [propext, Quot.sound, Classical.choice]
'AlternatingAnalytic.baseChangeIsScalarTower' depends on axioms: [propext, Quot.sound, Classical.choice]
'AlternatingAnalytic.baseChangeSeminorm_eq_zero_iff' depends on axioms: [propext, Quot.sound, Classical.choice]
'AlternatingAnalytic.scalarContraction' depends on axioms: [propext, Quot.sound]
'AlternatingAnalytic.BaseChangeDecomposition' depends on axioms: [propext, Quot.sound, Classical.choice]
'AlternatingAnalytic.baseChangeScalarMap' depends on axioms: [propext, Quot.sound, Classical.choice]
'AlternatingAnalytic.baseChangeNorm' depends on axioms: [propext, Quot.sound, Classical.choice]
'AlternatingAnalytic.baseChangeSeminorm_smul_le' depends on axioms: [propext, Quot.sound, Classical.choice]
'AlternatingAnalytic.baseChangeScalarMap_tmul' depends on axioms: [propext, Quot.sound, Classical.choice]
'AlternatingAnalytic.baseChangeSeminorm_list_sum_le' depends on axioms: [propext, Quot.sound, Classical.choice]
'AlternatingAnalytic.baseChangeSeminorm_pos' depends on axioms: [propext, Quot.sound, Classical.choice]
'AlternatingAnalytic.norm_scalarContraction_le' depends on axioms: [propext, Quot.sound, Classical.choice]
'AlternatingAnalytic.baseChangeLiftTerms_sum' depends on axioms: [propext, Quot.sound, Classical.choice]
'AlternatingAnalytic.baseChangeFactorsNormedAddCommGroup' depends on axioms: [propext, Quot.sound, Classical.choice]
AUTOFORM_PROBE_OK decls=38
