'AlternatingAnalytic.projectiveExteriorArray_injective' depends on axioms: [propext, Quot.sound, Classical.choice]
'AlternatingAnalytic.projectiveExteriorCompletion_properties' depends on axioms: [propext, Quot.sound, Classical.choice]
'AlternatingAnalytic.completedExteriorArray_wedge' depends on axioms: [propext, Quot.sound, Classical.choice]
'AlternatingAnalytic.boundedExteriorArray.congr_simp' depends on axioms: [propext, Quot.sound, Classical.choice]
'AlternatingAnalytic.exteriorDecompositionCost_nonneg' depends on axioms: [propext, Quot.sound, Classical.choice]
'AlternatingAnalytic.ProjectiveExterior.instModule' depends on axioms: [propext, Quot.sound, Classical.choice]
'AlternatingAnalytic.completedExteriorArray' depends on axioms: [propext, Quot.sound, Classical.choice]
'AlternatingAnalytic.exteriorDecompositions' depends on axioms: [propext, Quot.sound, Classical.choice]
'AlternatingAnalytic.projectiveExteriorSeminorm_ιMulti_le' depends on axioms: [propext, Quot.sound, Classical.choice]
'AlternatingAnalytic.boundedFunctionCoordinates_injective' depends on axioms: [propext, Quot.sound, Classical.choice]
'AlternatingAnalytic.prod_norm_update_smul' depends on axioms: [propext, Quot.sound, Classical.choice]
'AlternatingAnalytic.completedExteriorWedge' depends on axioms: [propext, Quot.sound, Classical.choice]
'AlternatingAnalytic.projectiveExteriorSeminorm' depends on axioms: [propext, Quot.sound, Classical.choice]
'AlternatingAnalytic.projectiveExteriorArray' depends on axioms: [propext, Quot.sound, Classical.choice]
'AlternatingAnalytic.coordinateExteriorArray_injective' depends on axioms: [propext, Quot.sound, Classical.choice]
'AlternatingAnalytic.completedExteriorArray_norm_le' depends on axioms: [propext, Quot.sound, Classical.choice]
'AlternatingAnalytic.exteriorDecompositionCost' depends on axioms: [propext, Quot.sound, Classical.choice]
'AlternatingAnalytic.projectiveExteriorWedge_apply' depends on axioms: [propext, Quot.sound, Classical.choice]
'AlternatingAnalytic.projectiveExteriorSeminormFun_smul_le' depends on axioms: [propext, Quot.sound, Classical.choice]
'AlternatingAnalytic.exteriorWedgeCost_nonneg' depends on axioms: [propext, Quot.sound, Classical.choice]
'AlternatingAnalytic.boundedFunction_projectiveExterior_properties' depends on axioms: [propext,
 Quot.sound,
 Classical.choice]
'AlternatingAnalytic.projectiveExteriorAddGroupNorm' depends on axioms: [propext, Quot.sound, Classical.choice]
'AlternatingAnalytic.exteriorWedgeSum' depends on axioms: [propext, Quot.sound, Classical.choice]
'AlternatingAnalytic.boundedFunctionCoordinates_apply' depends on axioms: [propext, Quot.sound, Classical.choice]
'AlternatingAnalytic.projectiveExteriorWedge' depends on axioms: [propext, Quot.sound, Classical.choice]
'AlternatingAnalytic.exists_exterior_decomposition' depends on axioms: [propext, Quot.sound, Classical.choice]
'AlternatingAnalytic.projectiveExteriorArray_wedge' depends on axioms: [propext, Quot.sound, Classical.choice]
'AlternatingAnalytic.boundedExteriorArray' depends on axioms: [propext, Quot.sound, Classical.choice]
'AlternatingAnalytic.projectiveExterior_properties' depends on axioms: [propext, Quot.sound, Classical.choice]
'AlternatingAnalytic.projectiveExteriorSeminorm_eq_zero_iff' depends on axioms: [propext, Quot.sound, Classical.choice]
'AlternatingAnalytic.norm_completedExteriorArray_le' depends on axioms: [propext, Quot.sound, Classical.choice]
'AlternatingAnalytic.projectiveExteriorArray.congr_simp' depends on axioms: [propext, Quot.sound, Classical.choice]
'AlternatingAnalytic.ProjectiveExterior.instNormedSpace' depends on axioms: [propext, Quot.sound, Classical.choice]
'AlternatingAnalytic.projectiveExteriorSeminorm_eq_iInf_wedgeCost' depends on axioms: [propext,
 Quot.sound,
 Classical.choice]
'AlternatingAnalytic.completedExteriorWedge_norm_le' depends on axioms: [propext, Quot.sound, Classical.choice]
'AlternatingAnalytic.exteriorWedgeCost' depends on axioms: [propext, Quot.sound, Classical.choice]
'AlternatingAnalytic.coordinateExteriorArray_ιMulti' depends on axioms: [propext, Quot.sound, Classical.choice]
'AlternatingAnalytic.exteriorWedgeSum_absorb' depends on axioms: [propext, Quot.sound, Classical.choice]
'AlternatingAnalytic.boundedExteriorArray_injective' depends on axioms: [propext, Quot.sound, Classical.choice]
'AlternatingAnalytic.projectiveExteriorArray_norm_le' depends on axioms: [propext, Quot.sound, Classical.choice]
'AlternatingAnalytic.projectiveExteriorSeminormFun_add_le' depends on axioms: [propext, Quot.sound, Classical.choice]
'AlternatingAnalytic.projectiveExteriorArray_apply' depends on axioms: [propext, Quot.sound, Classical.choice]
'AlternatingAnalytic.ProjectiveExterior.instNormedAddCommGroup' depends on axioms: [propext,
 Quot.sound,
 Classical.choice]
'AlternatingAnalytic.ProjectiveExterior' depends on axioms: [propext, Quot.sound, Classical.choice]
'AlternatingAnalytic.ProjectiveExteriorCompletion' depends on axioms: [propext, Quot.sound, Classical.choice]
'AlternatingAnalytic.exteriorWedgeCost_absorb' depends on axioms: [propext, Quot.sound, Classical.choice]
'AlternatingAnalytic.projectiveExteriorSeminorm_def' depends on axioms: [propext, Quot.sound, Classical.choice]
'AlternatingAnalytic.exteriorDecompositionValue_smul' depends on axioms: [propext, Quot.sound, Classical.choice]
'AlternatingAnalytic.exteriorDecompositionValue' depends on axioms: [propext, Quot.sound, Classical.choice]
'AlternatingAnalytic.projectiveExteriorSeminormFun_zero' depends on axioms: [propext, Quot.sound, Classical.choice]
'AlternatingAnalytic.instNonemptyElemFreeAddMonoidProdForallFinExteriorDecompositions' depends on axioms: [propext,
 Quot.sound,
 Classical.choice]
'AlternatingAnalytic.ProjectiveExterior.norm_eq' depends on axioms: [propext, Quot.sound, Classical.choice]
'AlternatingAnalytic.norm_coordinateExteriorArray_ιMulti_le' depends on axioms: [propext, Quot.sound, Classical.choice]
'AlternatingAnalytic.norm_coordinateExteriorArray_decomposition_le' depends on axioms: [propext,
 Quot.sound,
 Classical.choice]
'AlternatingAnalytic.coordinateExteriorArray' depends on axioms: [propext, Quot.sound, Classical.choice]
'AlternatingAnalytic.projectiveExteriorSeminormFun' depends on axioms: [propext, Quot.sound, Classical.choice]
'AlternatingAnalytic.boundedExteriorArray_norm_le' depends on axioms: [propext, Quot.sound, Classical.choice]
'AlternatingAnalytic.norm_coordinateExteriorArray_le' depends on axioms: [propext, Quot.sound, Classical.choice]
'AlternatingAnalytic.boundedFunction_projectiveExteriorSeminorm_eq_zero_iff' depends on axioms: [propext,
 Quot.sound,
 Classical.choice]
'AlternatingAnalytic.projectiveExteriorWedge_norm_le' depends on axioms: [propext, Quot.sound, Classical.choice]
'AlternatingAnalytic.completedExteriorArray.congr_simp' depends on axioms: [propext, Quot.sound, Classical.choice]
'AlternatingAnalytic.exteriorDecompositionCost_bddBelow' depends on axioms: [propext, Quot.sound, Classical.choice]
'AlternatingAnalytic.boundedFunctionCoordinates' depends on axioms: [propext, Quot.sound, Classical.choice]
AUTOFORM_PROBE_OK decls=63
