'instSphericallyCompleteSpaceOfIsUltrametricDistOfProperSpace' depends on axioms: [propext,
 Quot.sound,
 Classical.choice]
'AlternatingAnalytic.exteriorEvaluationArray_map' depends on axioms: [propext, Quot.sound, Classical.choice]
'AlternatingAnalytic.determinantArray_ιMulti' depends on axioms: [propext, Quot.sound, Classical.choice]
'Polarization.sum_full_range_eq_sum_perm' depends on axioms: [propext, Quot.sound, Classical.choice]
'SphericallyCompleteSpace.mk' depends on axioms: [propext, Quot.sound, Classical.choice]
'MultilinearMap.sum_perm_eq_of_multiplier_diagonal' depends on axioms: [Quot.sound, propext, Classical.choice]
'AlternatingAnalytic.exteriorEvaluationArray_perm' depends on axioms: [propext, Quot.sound, Classical.choice]
'SphericallyCompleteSpace' depends on axioms: [propext, Quot.sound, Classical.choice]
'AlternatingAnalytic.exteriorEvaluationArray_ιMulti' depends on axioms: [propext, Quot.sound, Classical.choice]
'MultilinearMap.squarefree_polarization' depends on axioms: [propext, Quot.sound, Classical.choice]
'instIsUltrametricDistContinuousAlternatingMap_alternatingAnalytic' depends on axioms: [propext,
 Quot.sound,
 Classical.choice]
'AlternatingAnalytic.determinantArraySubmodule' depends on axioms: [propext, Quot.sound, Classical.choice]
'exists_extension_of_sphericallyComplete' depends on axioms: [propext, Quot.sound, Classical.choice]
'MasterExtension.IsGood' depends on axioms: [propext, Quot.sound, Classical.choice]
'MasterExtension.balls_meet' depends on axioms: [propext, Quot.sound, Classical.choice]
'AlternatingAnalytic.determinantArraySubmodule_ιMulti' depends on axioms: [propext, Quot.sound, Classical.choice]
'AlternatingAnalytic.determinantArraySubmodule_eq_zero_of_eq' depends on axioms: [propext, Quot.sound, Classical.choice]
'SphericallyCompleteSpace.recOn' depends on axioms: [propext, Quot.sound, Classical.choice]
'AlternatingAnalytic.exteriorEvaluationArray_injective_of_span_eq_top' depends on axioms: [propext,
 Quot.sound,
 Classical.choice]
'AlternatingAnalytic.exteriorEvaluationArray' depends on axioms: [propext, Quot.sound, Classical.choice]
'SphericallyCompleteSpace.inter_nonempty' depends on axioms: [propext, Quot.sound, Classical.choice]
'AlternatingAnalytic.span_coordinate_evaluations' depends on axioms: [propext, Quot.sound, Classical.choice]
'instIsUltrametricDistContinuousMultilinearMap_alternatingAnalytic' depends on axioms: [propext,
 Quot.sound,
 Classical.choice]
'MasterExtension.step' depends on axioms: [propext, Quot.sound, Classical.choice]
'MasterExtension.radius_nonneg' depends on axioms: [propext, Quot.sound, Classical.choice]
'AlternatingAnalytic.determinantArraySubmodule_perm' depends on axioms: [propext, Quot.sound, Classical.choice]
'AlternatingAnalytic.determinantArraySubmodule_injective' depends on axioms: [propext, Quot.sound, Classical.choice]
'AlternatingAnalytic.determinantArray' depends on axioms: [propext, Quot.sound, Classical.choice]
'MasterExtension.centre_dist_aux' depends on axioms: [propext, Quot.sound, Classical.choice]
'AlternatingAnalytic.exteriorEvaluationArray_eq_zero_of_eq' depends on axioms: [propext, Quot.sound, Classical.choice]
'MultilinearMap.map_diagonal_sum' depends on axioms: [propext, Quot.sound, Classical.choice]
'SphericallyCompleteSpace.rec' depends on axioms: [propext, Quot.sound, Classical.choice]
'MasterExtension.exists_top' depends on axioms: [propext, Quot.sound, Classical.choice]
'sphericallyCompleteSpace_of_discreteNorm' depends on axioms: [propext, Quot.sound, Classical.choice]
'charP_isUltrametricDist' depends on axioms: [propext, Quot.sound, Classical.choice]
'AlternatingAnalytic.determinantArray_injective' depends on axioms: [propext, Quot.sound, Classical.choice]
'AlternatingAnalytic.determinantArray_properties' depends on axioms: [propext, Quot.sound, Classical.choice]
'MultilinearMap.sum_perm_eq_of_diagonal_eq' depends on axioms: [propext, Quot.sound, Classical.choice]
'SphericallyCompleteSpace.casesOn' depends on axioms: [propext, Quot.sound, Classical.choice]
AUTOFORM_PROBE_OK decls=39
